// Jest Snapshot v1, https://goo.gl/fbAQLP

exports[`CardWrapper renders correctly 1`] = `ShallowWrapper {}`;
