// Jest Snapshot v1, https://goo.gl/fbAQLP

exports[`GoalLogo renders correctly 1`] = `ShallowWrapper {}`;
