// Jest Snapshot v1, https://goo.gl/fbAQLP

exports[`BigButton renders correctly 1`] = `ShallowWrapper {}`;

exports[`MediumButton renders correctly 1`] = `ShallowWrapper {}`;
