// Jest Snapshot v1, https://goo.gl/fbAQLP

exports[`MonthlyAmount renders correctly 1`] = `ShallowWrapper {}`;
